2025-05-14T13:08:48.207439 - RENAME SUCCESS: /media/incoming/4sf-drwho2023-sd-s02e04.mkv -> /media/incoming/Doctor Who (2023) - S02E04 - Glückstag.mkv
  Details: {"show_name": "Doctor Who (2023)", "season": 2, "episode": 4, "episode_title": "Gl\u00fcckstag"}
2025-05-14T13:08:48.208445 - MOVE FAILED: /media/incoming/Doctor Who (2023) - S02E04 - Glückstag.mkv
  Details: {"show_name": "Doctor Who (2023)", "season": 2, "reason": "No suitable target directory found"}
2025-05-14T13:08:48.209603 - RENAME SUCCESS: /media/incoming/4sf-drwho2023-sd-s02e05.mkv -> /media/incoming/Doctor Who (2023) - S02E05 - Die Geschichtenmaschine.mkv
  Details: {"show_name": "Doctor Who (2023)", "season": 2, "episode": 5, "episode_title": "Die Geschichtenmaschine"}
2025-05-14T13:08:48.210432 - MOVE FAILED: /media/incoming/Doctor Who (2023) - S02E05 - Die Geschichtenmaschine.mkv
  Details: {"show_name": "Doctor Who (2023)", "season": 2, "reason": "No suitable target directory found"}
2025-05-14T13:08:48.690903 - RENAME SUCCESS: /media/incoming/4sf-tht-sd-s06e08.mkv -> /media/incoming/The Handmaid's Tale - Der Report der Magd - S06E08 - Exodus.mkv
  Details: {"show_name": "The Handmaid's Tale - Der Report der Magd", "season": 6, "episode": 8, "episode_title": "Exodus"}
2025-05-14T13:08:48.692324 - MOVE FAILED: /media/incoming/The Handmaid's Tale - Der Report der Magd - S06E08 - Exodus.mkv
  Details: {"show_name": "The Handmaid's Tale - Der Report der Magd", "season": 6, "reason": "No suitable target directory found"}
2025-05-14T13:08:49.231087 - RENAME SUCCESS: /media/incoming/4sf-tlou-sd-s02e05.mkv -> /media/incoming/The Last of Us - S02E05 - Spür ihre Liebe.mkv
  Details: {"show_name": "The Last of Us", "season": 2, "episode": 5, "episode_title": "Sp\u00fcr ihre Liebe"}
2025-05-14T13:08:49.234163 - MOVE FAILED: /media/incoming/The Last of Us - S02E05 - Spür ihre Liebe.mkv
  Details: {"show_name": "The Last of Us", "season": 2, "reason": "No suitable target directory found"}
2025-05-14T13:08:49.761030 - RENAME SUCCESS: /media/incoming/The.Walking.Dead.Dead.City.S02E01.Power.Equals.Power.German.DL.WEB.x264-4SF.mkv -> /media/incoming/The Walking Dead: Dead City - S02E01 - Energie ist Macht.mkv
  Details: {"show_name": "The Walking Dead: Dead City", "season": 2, "episode": 1, "episode_title": "Energie ist Macht"}
2025-05-14T13:08:49.763195 - MOVE FAILED: /media/incoming/The Walking Dead: Dead City - S02E01 - Energie ist Macht.mkv
  Details: {"show_name": "The Walking Dead: Dead City", "season": 2, "reason": "No suitable target directory found"}
2025-05-14T13:08:49.765295 - RENAME SUCCESS: /media/incoming/The.Walking.Dead.Dead.City.S02E02.Noch.eine.miese.Lektion.German.DL.WEB.x264-4SF.mkv -> /media/incoming/The Walking Dead: Dead City - S02E02 - Noch eine miese Lektion.mkv
  Details: {"show_name": "The Walking Dead: Dead City", "season": 2, "episode": 2, "episode_title": "Noch eine miese Lektion"}
2025-05-14T13:08:49.767332 - MOVE FAILED: /media/incoming/The Walking Dead: Dead City - S02E02 - Noch eine miese Lektion.mkv
  Details: {"show_name": "The Walking Dead: Dead City", "season": 2, "reason": "No suitable target directory found"}
2025-05-14T13:13:48.655955 - RENAME SUCCESS: /media/incoming/Doctor Who (2023) - S02E04 - Glückstag.mkv -> /media/incoming/Doctor Who (2023) - S02E04 - Glückstag.mkv
  Details: {"show_name": "Doctor Who (2023)", "season": 2, "episode": 4, "episode_title": "Gl\u00fcckstag"}
2025-05-14T13:13:48.657478 - MOVE FAILED: /media/incoming/Doctor Who (2023) - S02E04 - Glückstag.mkv
  Details: {"show_name": "Doctor Who (2023)", "season": 2, "reason": "No suitable target directory found"}
2025-05-14T13:13:48.660926 - RENAME SUCCESS: /media/incoming/Doctor Who (2023) - S02E05 - Die Geschichtenmaschine.mkv -> /media/incoming/Doctor Who (2023) - S02E05 - Die Geschichtenmaschine.mkv
  Details: {"show_name": "Doctor Who (2023)", "season": 2, "episode": 5, "episode_title": "Die Geschichtenmaschine"}
2025-05-14T13:13:48.662705 - MOVE FAILED: /media/incoming/Doctor Who (2023) - S02E05 - Die Geschichtenmaschine.mkv
  Details: {"show_name": "Doctor Who (2023)", "season": 2, "reason": "No suitable target directory found"}
2025-05-14T13:13:49.067376 - RENAME SUCCESS: /media/incoming/The Handmaid's Tale - Der Report der Magd - S06E08 - Exodus.mkv -> /media/incoming/The Handmaid's Tale - Der Report der Magd - S06E08 - Exodus.mkv
  Details: {"show_name": "The Handmaid's Tale - Der Report der Magd", "season": 6, "episode": 8, "episode_title": "Exodus"}
2025-05-14T13:13:49.068311 - MOVE FAILED: /media/incoming/The Handmaid's Tale - Der Report der Magd - S06E08 - Exodus.mkv
  Details: {"show_name": "The Handmaid's Tale - Der Report der Magd", "season": 6, "reason": "No suitable target directory found"}
2025-05-14T13:13:49.324998 - RENAME SUCCESS: /media/incoming/The Last of Us - S02E05 - Spür ihre Liebe.mkv -> /media/incoming/The Last of Us - S02E05 - Spür ihre Liebe.mkv
  Details: {"show_name": "The Last of Us", "season": 2, "episode": 5, "episode_title": "Sp\u00fcr ihre Liebe"}
2025-05-14T13:13:49.326693 - MOVE FAILED: /media/incoming/The Last of Us - S02E05 - Spür ihre Liebe.mkv
  Details: {"show_name": "The Last of Us", "season": 2, "reason": "No suitable target directory found"}
2025-05-14T13:13:49.757581 - RENAME SUCCESS: /media/incoming/The Walking Dead: Dead City - S02E01 - Energie ist Macht.mkv -> /media/incoming/The Walking Dead: Dead City - S02E01 - Energie ist Macht.mkv
  Details: {"show_name": "The Walking Dead: Dead City", "season": 2, "episode": 1, "episode_title": "Energie ist Macht"}
2025-05-14T13:13:49.759363 - MOVE FAILED: /media/incoming/The Walking Dead: Dead City - S02E01 - Energie ist Macht.mkv
  Details: {"show_name": "The Walking Dead: Dead City", "season": 2, "reason": "No suitable target directory found"}
2025-05-14T13:13:49.763163 - RENAME SUCCESS: /media/incoming/The Walking Dead: Dead City - S02E02 - Noch eine miese Lektion.mkv -> /media/incoming/The Walking Dead: Dead City - S02E02 - Noch eine miese Lektion.mkv
  Details: {"show_name": "The Walking Dead: Dead City", "season": 2, "episode": 2, "episode_title": "Noch eine miese Lektion"}
2025-05-14T13:13:49.764961 - MOVE FAILED: /media/incoming/The Walking Dead: Dead City - S02E02 - Noch eine miese Lektion.mkv
  Details: {"show_name": "The Walking Dead: Dead City", "season": 2, "reason": "No suitable target directory found"}
2025-05-14T22:07:28.588412 - RENAME SUCCESS: /media/truecrypt4/tmp/extracted/The Walking Dead: Dead City - S02E01 - Energie ist Macht.mkv -> /media/truecrypt4/tmp/extracted/The Walking Dead: Dead City - S02E01 - Energie ist Macht.mkv
  Details: {"show_name": "The Walking Dead: Dead City", "season": 2, "episode": 1, "episode_title": "Energie ist Macht"}
2025-05-14T22:08:03.980464 - MOVE SUCCESS: /media/truecrypt4/tmp/extracted/The Walking Dead: Dead City - S02E01 - Energie ist Macht.mkv -> /media/qinakuta/Serien/00 - Aktuell/The Walking Dead - Dead City/Season 2/The Walking Dead: Dead City - S02E01 - Energie ist Macht.mkv
  Details: {"show_name": "The Walking Dead: Dead City", "season": 2, "episode": 1}
2025-05-14T22:08:07.193586 - RENAME SUCCESS: /media/truecrypt4/tmp/extracted/The Walking Dead: Dead City - S02E02 - Noch eine miese Lektion.mkv -> /media/truecrypt4/tmp/extracted/The Walking Dead: Dead City - S02E02 - Noch eine miese Lektion.mkv
  Details: {"show_name": "The Walking Dead: Dead City", "season": 2, "episode": 2, "episode_title": "Noch eine miese Lektion"}
2025-05-14T22:08:16.162866 - MOVE SUCCESS: /media/truecrypt4/tmp/extracted/The Walking Dead: Dead City - S02E02 - Noch eine miese Lektion.mkv -> /media/qinakuta/Serien/00 - Aktuell/The Walking Dead - Dead City/Season 2/The Walking Dead: Dead City - S02E02 - Noch eine miese Lektion.mkv
  Details: {"show_name": "The Walking Dead: Dead City", "season": 2, "episode": 2}
2025-06-24T11:10:49.310832 - RENAME SUCCESS: /media/truecrypt4/tmp/extracted/Die Simpsons - S36E08.mkv -> /media/truecrypt4/tmp/extracted/Die Simpsons - S36E08.mkv
  Details: {"show_name": "Die Simpsons", "season": 36, "episode": 8, "episode_title": null}
2025-06-24T11:17:57.366871 - RENAME SUCCESS: /media/truecrypt4/tmp/extracted/Die Simpsons - S36E08.mkv -> /media/truecrypt4/tmp/extracted/Die Simpsons - S36E08.mkv
  Details: {"show_name": "Die Simpsons", "season": 36, "episode": 8, "episode_title": null}
2025-06-24T11:19:07.809098 - RENAME SUCCESS: /media/truecrypt4/tmp/extracted/Die Simpsons - S36E08.mkv -> /media/truecrypt4/tmp/extracted/Die Simpsons - S36E08.mkv
  Details: {"show_name": "Die Simpsons", "season": 36, "episode": 8, "episode_title": null}
